Release 11.1 - xst L.33 (nt)
Copyright (c) 1995-2009 Xilinx, Inc.  All rights reserved.
--> Parameter TMPDIR set to xst/projnav.tmp


Total REAL time to Xst completion: 0.00 secs
Total CPU time to Xst completion: 0.09 secs
 
--> Parameter xsthdpdir set to xst


Total REAL time to Xst completion: 0.00 secs
Total CPU time to Xst completion: 0.09 secs
 
--> Reading design: fifo.prj

TABLE OF CONTENTS
  1) Synthesis Options Summary
  2) HDL Compilation
  3) Design Hierarchy Analysis
  4) HDL Analysis
  5) HDL Synthesis
     5.1) HDL Synthesis Report
  6) Advanced HDL Synthesis
     6.1) Advanced HDL Synthesis Report
  7) Low Level Synthesis
  8) Partition Report
  9) Final Report
	9.1) Device utilization summary
	9.2) Partition Resource Summary
	9.3) TIMING REPORT


=========================================================================
*                      Synthesis Options Summary                        *
=========================================================================
---- Source Parameters
Input File Name                    : "fifo.prj"
Input Format                       : mixed
Ignore Synthesis Constraint File   : NO

---- Target Parameters
Output File Name                   : "fifo"
Output Format                      : NGC
Target Device                      : xc3s50-4-pq208

---- Source Options
Top Module Name                    : fifo
Automatic FSM Extraction           : YES
FSM Encoding Algorithm             : Auto
Safe Implementation                : No
FSM Style                          : lut
RAM Extraction                     : Yes
RAM Style                          : Auto
ROM Extraction                     : Yes
Mux Style                          : Auto
Decoder Extraction                 : YES
Priority Encoder Extraction        : YES
Shift Register Extraction          : YES
Logical Shifter Extraction         : YES
XOR Collapsing                     : YES
ROM Style                          : Auto
Mux Extraction                     : YES
Resource Sharing                   : YES
Asynchronous To Synchronous        : NO
Automatic Register Balancing       : No

---- Target Options
Add IO Buffers                     : YES
Add Generic Clock Buffer(BUFG)     : 8
Register Duplication               : YES
Slice Packing                      : YES
Optimize Instantiated Primitives   : NO
Use Clock Enable                   : Yes
Use Synchronous Set                : Yes
Use Synchronous Reset              : Yes
Pack IO Registers into IOBs        : auto
Equivalent register Removal        : YES

---- General Options
Optimization Goal                  : Speed
Optimization Effort                : 1
Library Search Order               : fifo.lso
Keep Hierarchy                     : NO
Netlist Hierarchy                  : as_optimized
RTL Output                         : Yes
Global Optimization                : AllClockNets
Read Cores                         : YES
Write Timing Constraints           : NO
Cross Clock Analysis               : NO
Hierarchy Separator                : /
Bus Delimiter                      : <>
Case Specifier                     : maintain
Slice Utilization Ratio            : 100
BRAM Utilization Ratio             : 100
Verilog 2001                       : YES
Auto BRAM Packing                  : NO
Slice Utilization Ratio Delta      : 5

=========================================================================


=========================================================================
*                          HDL Compilation                              *
=========================================================================
Compiling verilog file "fifo.v" in library work
Module <fifo> compiled
No errors in compilation
Analysis of file <"fifo.prj"> succeeded.
 

=========================================================================
*                     Design Hierarchy Analysis                         *
=========================================================================
Analyzing hierarchy for module <fifo> in library <work> with parameters.
	B = "00000000000000000000000000001000"
	W = "00000000000000000000000000000100"


=========================================================================
*                            HDL Analysis                               *
=========================================================================
Analyzing top module <fifo>.
	B = 32'sb00000000000000000000000000001000
	W = 32'sb00000000000000000000000000000100
Module <fifo> is correct for synthesis.
 

=========================================================================
*                           HDL Synthesis                               *
=========================================================================

Performing bidirectional port resolution...

Synthesizing Unit <fifo>.
    Related source file is "fifo.v".
WARNING:Xst:646 - Signal <w_ptr_succ> is assigned but never used. This unconnected signal will be trimmed during the optimization process.
WARNING:Xst:646 - Signal <r_ptr_succ> is assigned but never used. This unconnected signal will be trimmed during the optimization process.
    Found 16x8-bit dual-port RAM <Mram_array_reg> for signal <array_reg>.
    Found 1-bit 4-to-1 multiplexer for signal <empty_next>.
    Found 4-bit comparator equal for signal <empty_next$cmp_eq0000> created at line 87.
    Found 1-bit register for signal <empty_reg>.
    Found 1-bit 4-to-1 multiplexer for signal <full_next>.
    Found 4-bit comparator equal for signal <full_next$cmp_eq0000> created at line 96.
    Found 1-bit register for signal <full_reg>.
    Found 4-bit register for signal <r_ptr_reg>.
    Found 4-bit register for signal <w_ptr_reg>.
    Summary:
	inferred   1 RAM(s).
	inferred  10 D-type flip-flop(s).
	inferred   2 Adder/Subtractor(s).
	inferred   2 Comparator(s).
	inferred   2 Multiplexer(s).
Unit <fifo> synthesized.


=========================================================================
HDL Synthesis Report

Macro Statistics
# RAMs                                                 : 1
 16x8-bit dual-port RAM                                : 1
# Adders/Subtractors                                   : 2
 4-bit adder                                           : 2
# Registers                                            : 4
 1-bit register                                        : 2
 4-bit register                                        : 2
# Comparators                                          : 2
 4-bit comparator equal                                : 2
# Multiplexers                                         : 2
 1-bit 4-to-1 multiplexer                              : 2

=========================================================================

=========================================================================
*                       Advanced HDL Synthesis                          *
=========================================================================


Synthesizing (advanced) Unit <fifo>.
INFO:Xst - HDL ADVISOR - The RAM <Mram_array_reg> will be implemented on LUTs either because you have described an asynchronous read or because of currently unsupported block RAM features. If you have described an asynchronous read, making it synchronous would allow you to take advantage of available block RAM resources, for optimized device usage and improved timings. Please refer to your documentation for coding guidelines.
    -----------------------------------------------------------------------
    | ram_type           | Distributed                         |          |
    -----------------------------------------------------------------------
    | Port A                                                              |
    |     aspect ratio   | 16-word x 8-bit                     |          |
    |     clkA           | connected to signal <clk>           | rise     |
    |     weA            | connected to signal <wr_en>         | high     |
    |     addrA          | connected to signal <w_ptr_reg>     |          |
    |     diA            | connected to signal <w_data>        |          |
    -----------------------------------------------------------------------
    | Port B                                                              |
    |     aspect ratio   | 16-word x 8-bit                     |          |
    |     addrB          | connected to signal <r_ptr_reg>     |          |
    |     doB            | connected to signal <r_data>        |          |
    -----------------------------------------------------------------------
Unit <fifo> synthesized (advanced).

=========================================================================
Advanced HDL Synthesis Report

Macro Statistics
# RAMs                                                 : 1
 16x8-bit dual-port distributed RAM                    : 1
# Adders/Subtractors                                   : 2
 4-bit adder                                           : 2
# Registers                                            : 10
 Flip-Flops                                            : 10
# Comparators                                          : 2
 4-bit comparator equal                                : 2
# Multiplexers                                         : 2
 1-bit 4-to-1 multiplexer                              : 2

=========================================================================

=========================================================================
*                         Low Level Synthesis                           *
=========================================================================

Optimizing unit <fifo> ...

Mapping all equations...
Building and optimizing final netlist ...
Found area constraint ratio of 100 (+ 5) on block fifo, actual ratio is 3.
FlipFlop w_ptr_reg_0 has been replicated 1 time(s)
FlipFlop w_ptr_reg_1 has been replicated 1 time(s)
FlipFlop w_ptr_reg_2 has been replicated 2 time(s)
FlipFlop w_ptr_reg_3 has been replicated 1 time(s)

Final Macro Processing ...

=========================================================================
Final Register Report

Macro Statistics
# Registers                                            : 15
 Flip-Flops                                            : 15

=========================================================================

=========================================================================
*                           Partition Report                             *
=========================================================================

Partition Implementation Status
-------------------------------

  No Partitions were found in this design.

-------------------------------

=========================================================================
*                            Final Report                               *
=========================================================================
Final Results
RTL Top Level Output File Name     : fifo.ngr
Top Level Output File Name         : fifo
Output Format                      : NGC
Optimization Goal                  : Speed
Keep Hierarchy                     : NO

Design Statistics
# IOs                              : 22

Cell Usage :
# BELS                             : 31
#      LUT2                        : 3
#      LUT2_L                      : 1
#      LUT3_D                      : 4
#      LUT3_L                      : 2
#      LUT4                        : 17
#      LUT4_D                      : 2
#      LUT4_L                      : 1
#      MUXF5                       : 1
# FlipFlops/Latches                : 15
#      FDC                         : 14
#      FDP                         : 1
# RAMS                             : 8
#      RAM16X1D                    : 8
# Clock Buffers                    : 1
#      BUFGP                       : 1
# IO Buffers                       : 21
#      IBUF                        : 11
#      OBUF                        : 10
=========================================================================

Device utilization summary:
---------------------------

Selected Device : 3s50pq208-4 

 Number of Slices:                       24  out of    768     3%  
 Number of Slice Flip Flops:             15  out of   1536     0%  
 Number of 4 input LUTs:                 46  out of   1536     2%  
    Number used as logic:                30
    Number used as RAMs:                 16
 Number of IOs:                          22
 Number of bonded IOBs:                  22  out of    124    17%  
 Number of GCLKs:                         1  out of      8    12%  

---------------------------
Partition Resource Summary:
---------------------------

  No Partitions were found in this design.

---------------------------


=========================================================================
TIMING REPORT

NOTE: THESE TIMING NUMBERS ARE ONLY A SYNTHESIS ESTIMATE.
      FOR ACCURATE TIMING INFORMATION PLEASE REFER TO THE TRACE REPORT
      GENERATED AFTER PLACE-and-ROUTE.

Clock Information:
------------------
-----------------------------------+------------------------+-------+
Clock Signal                       | Clock buffer(FF name)  | Load  |
-----------------------------------+------------------------+-------+
clk                                | BUFGP                  | 23    |
-----------------------------------+------------------------+-------+

Asynchronous Control Signals Information:
----------------------------------------
-----------------------------------+------------------------+-------+
Control Signal                     | Buffer(FF name)        | Load  |
-----------------------------------+------------------------+-------+
reset                              | IBUF                   | 15    |
-----------------------------------+------------------------+-------+

Timing Summary:
---------------
Speed Grade: -4

   Minimum period: 5.770ns (Maximum Frequency: 173.310MHz)
   Minimum input arrival time before clock: 6.318ns
   Maximum output required time after clock: 9.061ns
   Maximum combinational path delay: No path found

Timing Detail:
--------------
All values displayed in nanoseconds (ns)

=========================================================================
Timing constraint: Default period analysis for Clock 'clk'
  Clock period: 5.770ns (frequency: 173.310MHz)
  Total number of paths / destination ports: 161 / 87
-------------------------------------------------------------------------
Delay:               5.770ns (Levels of Logic = 3)
  Source:            r_ptr_reg_0 (FF)
  Destination:       empty_reg (FF)
  Source Clock:      clk rising
  Destination Clock: clk rising

  Data Path: r_ptr_reg_0 to empty_reg
                                Gate     Net
    Cell:in->out      fanout   Delay   Delay  Logical Name (Net Name)
    ----------------------------------------  ------------
     FDC:C->Q             17   0.720   1.371  r_ptr_reg_0 (r_ptr_reg_0)
     LUT4:I3->O            1   0.551   0.996  Mmux_empty_next383 (Mmux_empty_next383)
     LUT4:I1->O            1   0.551   0.827  Mmux_empty_next3101 (Mmux_empty_next3101)
     LUT4:I3->O            1   0.551   0.000  Mmux_empty_next3127 (empty_next)
     FDP:D                     0.203          empty_reg
    ----------------------------------------
    Total                      5.770ns (2.576ns logic, 3.194ns route)
                                       (44.6% logic, 55.4% route)

=========================================================================
Timing constraint: Default OFFSET IN BEFORE for Clock 'clk'
  Total number of paths / destination ports: 64 / 31
-------------------------------------------------------------------------
Offset:              6.318ns (Levels of Logic = 5)
  Source:            wr (PAD)
  Destination:       full_reg (FF)
  Destination Clock: clk rising

  Data Path: wr to full_reg
                                Gate     Net
    Cell:in->out      fanout   Delay   Delay  Logical Name (Net Name)
    ----------------------------------------  ------------
     IBUF:I->O            13   0.821   1.509  wr_IBUF (wr_IBUF)
     LUT2:I0->O            2   0.551   0.903  Mmux_full_next379 (Mmux_full_next379)
     LUT4:I3->O            1   0.551   0.000  Mmux_full_next388_F (N61)
     MUXF5:I0->O           1   0.360   0.869  Mmux_full_next388 (Mmux_full_next388)
     LUT4:I2->O            1   0.551   0.000  Mmux_full_next3118 (full_next)
     FDC:D                     0.203          full_reg
    ----------------------------------------
    Total                      6.318ns (3.037ns logic, 3.281ns route)
                                       (48.1% logic, 51.9% route)

=========================================================================
Timing constraint: Default OFFSET OUT AFTER for Clock 'clk'
  Total number of paths / destination ports: 42 / 10
-------------------------------------------------------------------------
Offset:              9.061ns (Levels of Logic = 2)
  Source:            r_ptr_reg_0 (FF)
  Destination:       r_data<7> (PAD)
  Source Clock:      clk rising

  Data Path: r_ptr_reg_0 to r_data<7>
                                Gate     Net
    Cell:in->out      fanout   Delay   Delay  Logical Name (Net Name)
    ----------------------------------------  ------------
     FDC:C->Q             17   0.720   1.345  r_ptr_reg_0 (r_ptr_reg_0)
     RAM16X1D:DPRA0->DPO    1   0.551   0.801  Mram_array_reg1 (r_data_0_OBUF)
     OBUF:I->O                 5.644          r_data_0_OBUF (r_data<0>)
    ----------------------------------------
    Total                      9.061ns (6.915ns logic, 2.146ns route)
                                       (76.3% logic, 23.7% route)

=========================================================================


Total REAL time to Xst completion: 2.00 secs
Total CPU time to Xst completion: 2.72 secs
 
--> 

Total memory usage is 133600 kilobytes

Number of errors   :    0 (   0 filtered)
Number of warnings :    2 (   0 filtered)
Number of infos    :    1 (   0 filtered)

