--------------------------------------------------------------------------------
Release 11.1 Trace  (nt)
Copyright (c) 1995-2009 Xilinx, Inc.  All rights reserved.

C:\Xilinx\11.1\ISE\bin\nt\unwrapped\trce.exe -ise
D:/FPGA-SVN/fpga/parquimetro/parquimetro.ise -intstyle ise -v 3 -s 4 -fastpaths
-xml fsm.twx fsm.ncd -o fsm.twr fsm.pcf

Design file:              fsm.ncd
Physical constraint file: fsm.pcf
Device,package,speed:     xc3s50,pq208,-4 (PRODUCTION 1.39 2009-03-03)
Report level:             verbose report

Environment Variable      Effect 
--------------------      ------ 
NONE                      No environment variables were set
--------------------------------------------------------------------------------

INFO:Timing:2698 - No timing constraints found, doing default enumeration.
INFO:Timing:2752 - To get complete path coverage, use the unconstrained paths 
   option. All paths that are not constrained will be reported in the 
   unconstrained paths section(s) of the report.
INFO:Timing:3339 - The clock-to-out numbers in this timing report are based on 
   a 50 Ohm transmission line loading model.  For the details of this model, 
   and for more information on accounting for different loading conditions, 
   please see the device datasheet.



Data Sheet report:
-----------------
All values displayed in nanoseconds (ns)

Setup/Hold to clock clk
------------+------------+------------+------------------+--------+
            |  Setup to  |  Hold to   |                  | Clock  |
Source      | clk (edge) | clk (edge) |Internal Clock(s) | Phase  |
------------+------------+------------+------------------+--------+
a           |    3.118(R)|    0.409(R)|clk_BUFGP         |   0.000|
b           |    2.549(R)|    0.423(R)|clk_BUFGP         |   0.000|
------------+------------+------------+------------------+--------+

Clock clk to Pad
-------------+------------+------------------+--------+
             | clk (edge) |                  | Clock  |
Destination  |   to PAD   |Internal Clock(s) | Phase  |
-------------+------------+------------------+--------+
count_sseg<0>|   10.544(R)|clk_BUFGP         |   0.000|
count_sseg<1>|   11.377(R)|clk_BUFGP         |   0.000|
count_sseg<2>|   10.643(R)|clk_BUFGP         |   0.000|
count_sseg<3>|   10.529(R)|clk_BUFGP         |   0.000|
count_sseg<4>|   11.495(R)|clk_BUFGP         |   0.000|
count_sseg<5>|   10.840(R)|clk_BUFGP         |   0.000|
count_sseg<6>|   10.465(R)|clk_BUFGP         |   0.000|
-------------+------------+------------------+--------+

Clock to Setup on destination clock clk
---------------+---------+---------+---------+---------+
               | Src:Rise| Src:Fall| Src:Rise| Src:Fall|
Source Clock   |Dest:Rise|Dest:Rise|Dest:Fall|Dest:Fall|
---------------+---------+---------+---------+---------+
clk            |    2.761|         |         |         |
---------------+---------+---------+---------+---------+


Analysis completed Wed Oct 05 12:38:09 2011 
--------------------------------------------------------------------------------

Trace Settings:
-------------------------
Trace Settings 

Peak Memory Usage: 72 MB



